// Jest Snapshot v1, https://goo.gl/fbAQLP

exports[`Authenticated [snapshot] 1`] = `
.c2 {
  display: -webkit-box;
  display: -webkit-flex;
  display: -ms-flexbox;
  display: flex;
  -webkit-flex: 1 1 auto;
  -ms-flex: 1 1 auto;
  flex: 1 1 auto;
  overflow: hidden;
}

.c0 {
  display: -webkit-box;
  display: -webkit-flex;
  display: -ms-flexbox;
  display: flex;
  height: 100%;
  width: 100%;
  overflow: hidden;
}

.c1 {
  display: -webkit-box;
  display: -webkit-flex;
  display: -ms-flexbox;
  display: flex;
  -webkit-flex-direction: column;
  -ms-flex-direction: column;
  flex-direction: column;
  height: 100%;
  top: 61px;
  padding-bottom: 60px;
  bottom: 0px;
  width: 250px;
  border-right: 1px solid black;
  box-sizing: border-box;
}

<div
  class="MuiBox-root MuiBox-root-1 c0"
>
  <header
    class="MuiPaper-root MuiAppBar-root MuiAppBar-positionFixed MuiAppBar-colorPrimary mui-fixed MuiPaper-elevation4"
  >
    <div
      class="MuiToolbar-root MuiToolbar-regular MuiToolbar-gutters"
    >
      <p>
        Sablier
      </p>
    </div>
  </header>
  <div
    class="MuiBox-root MuiBox-root-2 c1"
  >
    <div
      class="MuiBox-root MuiBox-root-3"
    >
      fgggg
    </div>
  </div>
  <div
    class="MuiBox-root MuiBox-root-4 c2 "
  />
</div>
`;
