// Jest Snapshot v1, https://goo.gl/fbAQLP

exports[`Authenticated [snapshot] 1`] = `
<div
  className="MuiBox-root MuiBox-root-2 Styled(MuiBox)-root-1"
>
  <div
    className="header"
  >
    Header
  </div>
  <div
    className="sidebar"
  >
    Sidebar
  </div>
  <div
    className="MuiBox-root MuiBox-root-4 Styled(MuiBox)-root-3"
  />
</div>
`;
