// Jest Snapshot v1, https://goo.gl/fbAQLP

exports[`Unauthenticated [snapshot] 1`] = `
.c1 {
  display: -webkit-box;
  display: -webkit-flex;
  display: -ms-flexbox;
  display: flex;
  -webkit-flex: 1 1 auto;
  -ms-flex: 1 1 auto;
  flex: 1 1 auto;
  overflow: hidden;
}

.c0 {
  display: -webkit-box;
  display: -webkit-flex;
  display: -ms-flexbox;
  display: flex;
  height: 100%;
  width: 100%;
  overflow: hidden;
}

<div
  class="MuiBox-root MuiBox-root-1 c0"
>
  <div
    class="MuiBox-root MuiBox-root-2 c1"
  />
</div>
`;
